// Jest Snapshot v1, https://goo.gl/fbAQLP

exports[`AddPostNav component renders without crashing 1`] = `
<Fragment>
  <Link
    className="nav-title"
    to="/"
  >
    <img
      alt="paws-up-logo"
      className="icon"
      src="paws-logo.png"
    />
     
    <span
      className="title"
    >
      PawUp
    </span>
  </Link>
  <Menu
    bodyClassName=""
    burgerBarClassName=""
    burgerButtonClassName=""
    className=""
    crossButtonClassName=""
    crossClassName=""
    disableAutoFocus={false}
    disableCloseOnEsc={false}
    htmlClassName=""
    id=""
    itemClassName=""
    itemListClassName=""
    menuClassName=""
    morphShapeClassName=""
    noOverlay={false}
    noTransition={false}
    onStateChange={[Function]}
    outerContainerId=""
    overlayClassName=""
    pageWrapId=""
    right={true}
    styles={Object {}}
    width={300}
  >
    <Link
      className="menu-item"
      to="/posts"
    >
      Posts
    </Link>
    <br />
    <Link
      className="menu-item"
      to="/myPosts"
    >
      My Post
    </Link>
    <br />
    <Link
      className="menu-item"
      to="/profile"
    >
      Profile
    </Link>
    <br />
    <Link
      className="menu-item"
      to="/posts"
    >
      Log out
    </Link>
  </Menu>
</Fragment>
`;
